[21-Apr-2026 01:14:27 Europe/Berlin] PHP Fatal error:  Uncaught PDOException: SQLSTATE[42S02]: Base table or view not found: 1932 Table 'eduverse_db.schools' doesn't exist in engine in C:\xampp\htdocs\school-portal\test-database.php:70
Stack trace:
#0 C:\xampp\htdocs\school-portal\test-database.php(70): PDO->query('SELECT COUNT(*)...')
#1 {main}
  thrown in C:\xampp\htdocs\school-portal\test-database.php on line 70
[21-Apr-2026 10:01:25 UTC] PHP Warning:  Module "openssl" is already loaded in Unknown on line 0
[21-Apr-2026 10:01:27 UTC] PHP Warning:  Module "openssl" is already loaded in Unknown on line 0
[21-Apr-2026 12:05:09 Europe/Berlin] Database connection failed: SQLSTATE[HY000] [2006] MySQL server has gone away
[21-Apr-2026 14:41:43 UTC] PHP Warning:  Module "openssl" is already loaded in Unknown on line 0
[21-Apr-2026 14:41:45 UTC] PHP Warning:  Module "openssl" is already loaded in Unknown on line 0
[21-Apr-2026 16:42:35 Europe/Berlin] Database connection failed: SQLSTATE[HY000] [1044] Access denied for user 'eduverse_user'@'localhost' to database 'eduverse_db'
[21-Apr-2026 16:42:38 Europe/Berlin] Database connection failed: SQLSTATE[HY000] [1044] Access denied for user 'eduverse_user'@'localhost' to database 'eduverse_db'
[21-Apr-2026 16:42:39 Europe/Berlin] Database connection failed: SQLSTATE[HY000] [1044] Access denied for user 'eduverse_user'@'localhost' to database 'eduverse_db'
[21-Apr-2026 16:42:44 Europe/Berlin] Database connection failed: SQLSTATE[HY000] [1044] Access denied for user 'eduverse_user'@'localhost' to database 'eduverse_db'
[21-Apr-2026 16:42:45 Europe/Berlin] Database connection failed: SQLSTATE[HY000] [1044] Access denied for user 'eduverse_user'@'localhost' to database 'eduverse_db'
[21-Apr-2026 16:42:45 Europe/Berlin] Database connection failed: SQLSTATE[HY000] [1044] Access denied for user 'eduverse_user'@'localhost' to database 'eduverse_db'
[21-Apr-2026 16:42:46 Europe/Berlin] Database connection failed: SQLSTATE[HY000] [1044] Access denied for user 'eduverse_user'@'localhost' to database 'eduverse_db'
[21-Apr-2026 16:42:47 Europe/Berlin] Database connection failed: SQLSTATE[HY000] [1044] Access denied for user 'eduverse_user'@'localhost' to database 'eduverse_db'
[21-Apr-2026 16:42:47 Europe/Berlin] Database connection failed: SQLSTATE[HY000] [1044] Access denied for user 'eduverse_user'@'localhost' to database 'eduverse_db'
[21-Apr-2026 16:42:48 Europe/Berlin] Database connection failed: SQLSTATE[HY000] [1044] Access denied for user 'eduverse_user'@'localhost' to database 'eduverse_db'
[21-Apr-2026 16:42:48 Europe/Berlin] Database connection failed: SQLSTATE[HY000] [1044] Access denied for user 'eduverse_user'@'localhost' to database 'eduverse_db'
[21-Apr-2026 16:42:48 Europe/Berlin] Database connection failed: SQLSTATE[HY000] [1044] Access denied for user 'eduverse_user'@'localhost' to database 'eduverse_db'
[21-Apr-2026 16:42:49 Europe/Berlin] Database connection failed: SQLSTATE[HY000] [1044] Access denied for user 'eduverse_user'@'localhost' to database 'eduverse_db'
[21-Apr-2026 16:42:49 Europe/Berlin] Database connection failed: SQLSTATE[HY000] [1044] Access denied for user 'eduverse_user'@'localhost' to database 'eduverse_db'
[21-Apr-2026 16:42:49 Europe/Berlin] Database connection failed: SQLSTATE[HY000] [1044] Access denied for user 'eduverse_user'@'localhost' to database 'eduverse_db'
[21-Apr-2026 16:42:50 Europe/Berlin] Database connection failed: SQLSTATE[HY000] [1044] Access denied for user 'eduverse_user'@'localhost' to database 'eduverse_db'
[21-Apr-2026 16:42:50 Europe/Berlin] Database connection failed: SQLSTATE[HY000] [1044] Access denied for user 'eduverse_user'@'localhost' to database 'eduverse_db'
[21-Apr-2026 16:42:50 Europe/Berlin] Database connection failed: SQLSTATE[HY000] [1044] Access denied for user 'eduverse_user'@'localhost' to database 'eduverse_db'
[21-Apr-2026 16:42:50 Europe/Berlin] Database connection failed: SQLSTATE[HY000] [1044] Access denied for user 'eduverse_user'@'localhost' to database 'eduverse_db'
[21-Apr-2026 16:42:50 Europe/Berlin] Database connection failed: SQLSTATE[HY000] [1044] Access denied for user 'eduverse_user'@'localhost' to database 'eduverse_db'
[21-Apr-2026 16:43:00 Europe/Berlin] Database connection failed: SQLSTATE[HY000] [1044] Access denied for user 'eduverse_user'@'localhost' to database 'eduverse_db'
[21-Apr-2026 14:45:08 UTC] PHP Warning:  Module "openssl" is already loaded in Unknown on line 0
[21-Apr-2026 14:45:08 UTC] PHP Warning:  Module "openssl" is already loaded in Unknown on line 0
[21-Apr-2026 16:45:14 Europe/Berlin] Database connection failed: SQLSTATE[HY000] [1044] Access denied for user 'eduverse_user'@'localhost' to database 'eduverse_db'
[21-Apr-2026 16:45:15 Europe/Berlin] Database connection failed: SQLSTATE[HY000] [1044] Access denied for user 'eduverse_user'@'localhost' to database 'eduverse_db'
[21-Apr-2026 16:45:15 Europe/Berlin] Database connection failed: SQLSTATE[HY000] [1044] Access denied for user 'eduverse_user'@'localhost' to database 'eduverse_db'
[21-Apr-2026 16:45:16 Europe/Berlin] Database connection failed: SQLSTATE[HY000] [1044] Access denied for user 'eduverse_user'@'localhost' to database 'eduverse_db'
[21-Apr-2026 16:45:20 Europe/Berlin] Database connection failed: SQLSTATE[HY000] [1044] Access denied for user 'eduverse_user'@'localhost' to database 'eduverse_db'
[21-Apr-2026 14:45:59 UTC] PHP Warning:  Module "openssl" is already loaded in Unknown on line 0
[21-Apr-2026 14:46:00 UTC] PHP Warning:  Module "openssl" is already loaded in Unknown on line 0
[21-Apr-2026 14:46:08 UTC] PHP Warning:  Module "openssl" is already loaded in Unknown on line 0
[21-Apr-2026 14:46:22 UTC] PHP Warning:  Module "openssl" is already loaded in Unknown on line 0
[21-Apr-2026 14:46:24 UTC] PHP Warning:  Module "openssl" is already loaded in Unknown on line 0
[21-Apr-2026 16:46:46 Europe/Berlin] Database connection failed: SQLSTATE[HY000] [1044] Access denied for user 'eduverse_user'@'localhost' to database 'eduverse_db'
[21-Apr-2026 16:47:22 Europe/Berlin] Database connection failed: SQLSTATE[HY000] [1044] Access denied for user 'eduverse_user'@'localhost' to database 'eduverse_db'
[21-Apr-2026 16:47:42 Europe/Berlin] Database connection failed: SQLSTATE[HY000] [1044] Access denied for user 'eduverse_user'@'localhost' to database 'eduverse_db'
[22-Apr-2026 21:54:49 UTC] PHP Warning:  Module "openssl" is already loaded in Unknown on line 0
[22-Apr-2026 21:54:49 UTC] PHP Warning:  Module "openssl" is already loaded in Unknown on line 0
[22-Apr-2026 23:57:02 Europe/Berlin] Database connection failed: SQLSTATE[HY000] [1044] Access denied for user 'eduverse_user'@'localhost' to database 'eduverse_db'
[22-Apr-2026 23:57:05 Europe/Berlin] Database connection failed: SQLSTATE[HY000] [1044] Access denied for user 'eduverse_user'@'localhost' to database 'eduverse_db'
[22-Apr-2026 22:13:44 UTC] PHP Warning:  Module "openssl" is already loaded in Unknown on line 0
[22-Apr-2026 22:13:45 UTC] PHP Warning:  Module "openssl" is already loaded in Unknown on line 0
[22-Apr-2026 22:13:47 UTC] PHP Warning:  Module "openssl" is already loaded in Unknown on line 0
[22-Apr-2026 22:14:56 UTC] PHP Warning:  Module "openssl" is already loaded in Unknown on line 0
[22-Apr-2026 22:15:23 UTC] PHP Warning:  Module "openssl" is already loaded in Unknown on line 0
[22-Apr-2026 22:16:42 UTC] PHP Warning:  Module "openssl" is already loaded in Unknown on line 0
[23-Apr-2026 00:19:28 Europe/Berlin] PHP Warning:  Undefined variable $classId in C:\xampp\htdocs\school-portal\test-live-class.php on line 67
[23-Apr-2026 00:19:28 Europe/Berlin] PHP Warning:  Undefined variable $roomId in C:\xampp\htdocs\school-portal\test-live-class.php on line 98
[23-Apr-2026 18:46:50 UTC] PHP Warning:  Module "openssl" is already loaded in Unknown on line 0
[23-Apr-2026 18:46:51 UTC] PHP Warning:  Module "openssl" is already loaded in Unknown on line 0
[23-Apr-2026 20:47:05 Europe/Berlin] PHP Parse error:  syntax error, unexpected token "===" in C:\xampp\htdocs\school-portal\php\config.php on line 38
[23-Apr-2026 20:49:49 Europe/Berlin] Login attempt: username=admin, found=yes
[23-Apr-2026 20:49:49 Europe/Berlin] ⚠️ Plain text password matched for: admin
[23-Apr-2026 20:49:49 Europe/Berlin] ✅ Login successful: User=admin, Role=admin, IP=127.0.0.1
[23-Apr-2026 20:50:13 Europe/Berlin] 🔓 Logout: User=admin, Role=admin
[30-Apr-2026 10:13:27 UTC] PHP Warning:  Module "openssl" is already loaded in Unknown on line 0
[30-Apr-2026 10:13:28 UTC] PHP Warning:  Module "openssl" is already loaded in Unknown on line 0
[30-Apr-2026 12:30:15 Europe/Berlin] Login attempt: username=admin, found=yes
[30-Apr-2026 12:30:15 Europe/Berlin] ⚠️ Plain text password matched for: admin
[30-Apr-2026 12:30:15 Europe/Berlin] ✅ Login successful: User=admin, Role=admin, IP=127.0.0.1
[30-Apr-2026 13:35:09 Europe/Berlin] 🔓 Logout: User=admin, Role=admin
[30-Apr-2026 23:06:09 Europe/Berlin] PHP Parse error:  syntax error, unexpected end of file in C:\xampp\htdocs\school-portal\check-fix-subdomain.php on line 63
[30-Apr-2026 23:06:28 Europe/Berlin] PHP Warning:  require_once(C:\xampp\htdocs\school-portal/config.php): Failed to open stream: No such file or directory in C:\xampp\htdocs\school-portal\check-fix-subdomain.php on line 8
[30-Apr-2026 23:06:28 Europe/Berlin] PHP Fatal error:  Uncaught Error: Failed opening required 'C:\xampp\htdocs\school-portal/config.php' (include_path='C:\xampp\php\PEAR') in C:\xampp\htdocs\school-portal\check-fix-subdomain.php:8
Stack trace:
#0 {main}
  thrown in C:\xampp\htdocs\school-portal\check-fix-subdomain.php on line 8
[01-May-2026 22:40:31 Europe/Berlin] Load plans error: SQLSTATE[42S22]: Column not found: 1054 Unknown column 'monthly_price' in 'field list'
[01-May-2026 22:45:02 Europe/Berlin] Login attempt: username=admin, found=yes
[01-May-2026 22:45:02 Europe/Berlin] ⚠️ Plain text password matched for: admin
[01-May-2026 22:45:02 Europe/Berlin] ✅ Login successful: User=admin, Role=admin, IP=127.0.0.1
[01-May-2026 22:45:55 Europe/Berlin] Load plans error: SQLSTATE[42S22]: Column not found: 1054 Unknown column 'monthly_price' in 'field list'
[01-May-2026 22:55:14 Europe/Berlin] PHP Warning:  require_once(C:\xampp\htdocs\school-portal/config.php): Failed to open stream: No such file or directory in C:\xampp\htdocs\school-portal\fix.php on line 7
[01-May-2026 22:55:14 Europe/Berlin] PHP Fatal error:  Uncaught Error: Failed opening required 'C:\xampp\htdocs\school-portal/config.php' (include_path='C:\xampp\php\PEAR') in C:\xampp\htdocs\school-portal\fix.php:7
Stack trace:
#0 {main}
  thrown in C:\xampp\htdocs\school-portal\fix.php on line 7
[01-May-2026 22:56:14 Europe/Berlin] Load plans error: SQLSTATE[42S22]: Column not found: 1054 Unknown column 'has_live_classes' in 'field list'
[02-May-2026 13:13:04 UTC] PHP Warning:  Module "openssl" is already loaded in Unknown on line 0
[02-May-2026 13:13:17 UTC] PHP Warning:  Module "openssl" is already loaded in Unknown on line 0
[02-May-2026 15:16:18 Europe/Berlin] Login attempt: username=admin, found=yes
[02-May-2026 15:16:18 Europe/Berlin] ⚠️ Plain text password matched for: admin
[02-May-2026 15:16:18 Europe/Berlin] ✅ Login successful: User=admin, Role=admin, IP=127.0.0.1
[02-May-2026 15:17:28 Europe/Berlin] Load plans error: SQLSTATE[42S22]: Column not found: 1054 Unknown column 'has_live_classes' in 'field list'
[02-May-2026 15:36:44 Europe/Berlin] PHP Warning:  require_once(C:\xampp\htdocs\school-portal/config.php): Failed to open stream: No such file or directory in C:\xampp\htdocs\school-portal\fix-database-structure.php on line 7
[02-May-2026 15:36:44 Europe/Berlin] PHP Fatal error:  Uncaught Error: Failed opening required 'C:\xampp\htdocs\school-portal/config.php' (include_path='C:\xampp\php\PEAR') in C:\xampp\htdocs\school-portal\fix-database-structure.php:7
Stack trace:
#0 {main}
  thrown in C:\xampp\htdocs\school-portal\fix-database-structure.php on line 7
[02-May-2026 15:37:44 Europe/Berlin] Load plans error: SQLSTATE[42S22]: Column not found: 1054 Unknown column 'has_live_classes' in 'field list'
[02-May-2026 15:38:20 Europe/Berlin] Load plans error: SQLSTATE[42S22]: Column not found: 1054 Unknown column 'has_live_classes' in 'field list'
[02-May-2026 16:55:57 UTC] PHP Warning:  Module "openssl" is already loaded in Unknown on line 0
[02-May-2026 16:57:59 UTC] PHP Warning:  Module "openssl" is already loaded in Unknown on line 0
[02-May-2026 17:00:05 UTC] PHP Warning:  Module "openssl" is already loaded in Unknown on line 0
[02-May-2026 19:00:38 Europe/Berlin] 🔓 Logout: User=admin, Role=admin
[02-May-2026 17:03:20 UTC] PHP Warning:  Module "openssl" is already loaded in Unknown on line 0
[02-May-2026 17:04:47 UTC] PHP Warning:  Module "openssl" is already loaded in Unknown on line 0
[02-May-2026 17:05:40 UTC] PHP Warning:  Module "openssl" is already loaded in Unknown on line 0
[02-May-2026 17:05:56 UTC] PHP Warning:  Module "openssl" is already loaded in Unknown on line 0
[02-May-2026 17:11:27 UTC] PHP Warning:  Module "openssl" is already loaded in Unknown on line 0
[02-May-2026 17:11:49 UTC] PHP Warning:  Module "openssl" is already loaded in Unknown on line 0
[02-May-2026 18:23:00 UTC] PHP Warning:  Module "openssl" is already loaded in Unknown on line 0
[02-May-2026 18:23:00 UTC] PHP Warning:  Module "openssl" is already loaded in Unknown on line 0
[02-May-2026 20:23:24 Europe/Berlin] PHP Warning:  require_once(C:\xampp\htdocs\school-portal/config.php): Failed to open stream: No such file or directory in C:\xampp\htdocs\school-portal\check-hosting-plans.php on line 6
[02-May-2026 20:23:24 Europe/Berlin] PHP Fatal error:  Uncaught Error: Failed opening required 'C:\xampp\htdocs\school-portal/config.php' (include_path='C:\xampp\php\PEAR') in C:\xampp\htdocs\school-portal\check-hosting-plans.php:6
Stack trace:
#0 {main}
  thrown in C:\xampp\htdocs\school-portal\check-hosting-plans.php on line 6
[02-May-2026 18:40:01 UTC] PHP Warning:  Module "openssl" is already loaded in Unknown on line 0
[02-May-2026 18:40:30 UTC] PHP Warning:  Module "openssl" is already loaded in Unknown on line 0
[02-May-2026 18:41:52 UTC] PHP Warning:  Module "openssl" is already loaded in Unknown on line 0
[02-May-2026 18:42:43 UTC] PHP Warning:  Module "openssl" is already loaded in Unknown on line 0
[02-May-2026 18:42:58 UTC] PHP Warning:  Module "openssl" is already loaded in Unknown on line 0
[02-May-2026 18:58:15 UTC] PHP Warning:  Module "openssl" is already loaded in Unknown on line 0
[02-May-2026 19:12:55 UTC] PHP Warning:  Module "openssl" is already loaded in Unknown on line 0
[02-May-2026 19:15:00 UTC] PHP Warning:  Module "openssl" is already loaded in Unknown on line 0
[02-May-2026 19:15:58 UTC] PHP Warning:  Module "openssl" is already loaded in Unknown on line 0
[02-May-2026 19:17:43 UTC] PHP Warning:  Module "openssl" is already loaded in Unknown on line 0
[02-May-2026 19:18:00 UTC] PHP Warning:  Module "openssl" is already loaded in Unknown on line 0
[02-May-2026 19:20:31 UTC] PHP Warning:  Module "openssl" is already loaded in Unknown on line 0
[02-May-2026 19:20:34 UTC] PHP Warning:  Module "openssl" is already loaded in Unknown on line 0
[02-May-2026 19:20:36 UTC] PHP Warning:  Module "openssl" is already loaded in Unknown on line 0
[02-May-2026 19:20:39 UTC] PHP Warning:  Module "openssl" is already loaded in Unknown on line 0
[02-May-2026 19:20:40 UTC] PHP Warning:  Module "openssl" is already loaded in Unknown on line 0
[02-May-2026 19:21:43 UTC] PHP Warning:  Module "openssl" is already loaded in Unknown on line 0
[02-May-2026 19:21:44 UTC] PHP Warning:  Module "openssl" is already loaded in Unknown on line 0
[02-May-2026 19:22:10 UTC] PHP Warning:  Module "openssl" is already loaded in Unknown on line 0
[02-May-2026 19:22:11 UTC] PHP Warning:  Module "openssl" is already loaded in Unknown on line 0
[02-May-2026 19:25:25 UTC] PHP Warning:  Module "openssl" is already loaded in Unknown on line 0
[02-May-2026 19:25:27 UTC] PHP Warning:  Module "openssl" is already loaded in Unknown on line 0
[02-May-2026 19:25:52 UTC] PHP Warning:  Module "openssl" is already loaded in Unknown on line 0
[02-May-2026 19:31:39 UTC] PHP Warning:  Module "openssl" is already loaded in Unknown on line 0
[02-May-2026 19:31:40 UTC] PHP Warning:  Module "openssl" is already loaded in Unknown on line 0
[02-May-2026 19:31:41 UTC] PHP Warning:  Module "openssl" is already loaded in Unknown on line 0
[02-May-2026 19:34:14 UTC] PHP Warning:  Module "openssl" is already loaded in Unknown on line 0
[02-May-2026 19:37:39 UTC] PHP Warning:  Module "openssl" is already loaded in Unknown on line 0
[02-May-2026 19:39:06 UTC] PHP Warning:  Module "openssl" is already loaded in Unknown on line 0
[02-May-2026 19:39:08 UTC] PHP Warning:  Module "openssl" is already loaded in Unknown on line 0
[02-May-2026 19:39:48 UTC] PHP Warning:  Module "openssl" is already loaded in Unknown on line 0
[02-May-2026 19:39:51 UTC] PHP Warning:  Module "openssl" is already loaded in Unknown on line 0
[02-May-2026 19:39:52 UTC] PHP Warning:  Module "openssl" is already loaded in Unknown on line 0
[02-May-2026 19:40:41 UTC] PHP Warning:  Module "openssl" is already loaded in Unknown on line 0
[02-May-2026 19:44:24 UTC] PHP Warning:  Module "openssl" is already loaded in Unknown on line 0
[02-May-2026 19:44:26 UTC] PHP Warning:  Module "openssl" is already loaded in Unknown on line 0
[02-May-2026 19:44:53 UTC] PHP Warning:  Module "openssl" is already loaded in Unknown on line 0
[02-May-2026 19:46:24 UTC] PHP Warning:  Module "openssl" is already loaded in Unknown on line 0
[02-May-2026 19:46:28 UTC] PHP Warning:  Module "openssl" is already loaded in Unknown on line 0
[02-May-2026 19:49:14 UTC] PHP Fatal error:  Cannot declare class App\Http\Controllers\NotificationController, because the name is already in use in C:\Users\DELL\Documents\notification-system\app\Http\Controllers\Controller.php on line 7
[03-May-2026 14:40:04 UTC] PHP Warning:  Module "openssl" is already loaded in Unknown on line 0
[03-May-2026 14:40:44 UTC] PHP Warning:  Module "openssl" is already loaded in Unknown on line 0
[03-May-2026 14:47:02 UTC] PHP Warning:  Module "openssl" is already loaded in Unknown on line 0
[03-May-2026 14:47:04 UTC] PHP Warning:  Module "openssl" is already loaded in Unknown on line 0
[03-May-2026 14:52:40 UTC] PHP Warning:  Module "openssl" is already loaded in Unknown on line 0
[03-May-2026 19:41:07 UTC] PHP Warning:  Module "openssl" is already loaded in Unknown on line 0
[03-May-2026 19:41:09 UTC] PHP Warning:  Module "openssl" is already loaded in Unknown on line 0
[03-May-2026 21:41:30 Europe/Berlin] Index.php Error: SQLSTATE[42S22]: Column not found: 1054 Unknown column 'school_type' in 'field list'
[03-May-2026 21:42:07 Europe/Berlin] Index.php Error: SQLSTATE[42S22]: Column not found: 1054 Unknown column 'school_type' in 'field list'
